2026-09-10 15:06:15.875: [INFO] CurrentProfilePath: C:\Users\Tommaso\Desktop\ConsegnaSdai\.metadata\.plugins\org.eclipse.swt\EBWebView\Default
2026-09-10 15:06:15.875: [INFO] Profiles total count: 1
2026-09-10 15:06:15.875: [INFO] Profile: name=Profilo 1 path=C:\Users\Tommaso\Desktop\ConsegnaSdai\.metadata\.plugins\org.eclipse.swt\EBWebView\Default lastActive=null
2026-09-10 15:06:15.875: [INFO] LastUsedProfileDir: C:\Users\Tommaso\Desktop\ConsegnaSdai\.metadata\.plugins\org.eclipse.swt\EBWebView\Default
2026-09-10 15:06:15.875: [INFO] OnDoneLoading sync enabled: 0
2026-09-10 15:06:15.875: [INFO] BookmarkModelLoaded, ids_reassigned: 0
2026-09-10 15:06:15.875: [INFO] BookmarksLoadDropped droppedNodes=0
2026-09-10 15:06:15.875: [INFO] BookmarksSnapshot Startup total=0 bar=0 other=0 mobile=0 showBar=0 showBarNTP=1
2026-09-10 15:10:56.280: [INFO] BookmarksSnapshot Shutdown total=0 bar=0 other=0 mobile=0 showBar=0 showBarNTP=1
2026-09-10 15:34:25.738: [INFO] CurrentProfilePath: C:\Users\Tommaso\Desktop\ConsegnaSdai\.metadata\.plugins\org.eclipse.swt\EBWebView\Default
2026-09-10 15:34:25.738: [INFO] Profiles total count: 1
2026-09-10 15:34:25.738: [INFO] Profile: name=Profilo 1 path=C:\Users\Tommaso\Desktop\ConsegnaSdai\.metadata\.plugins\org.eclipse.swt\EBWebView\Default lastActive=2026-09-10T15:10:20.929Z
2026-09-10 15:34:25.738: [INFO] LastUsedProfileDir: C:\Users\Tommaso\Desktop\ConsegnaSdai\.metadata\.plugins\org.eclipse.swt\EBWebView\Default
2026-09-10 15:34:25.738: [INFO] MostRecentlyActiveProfile: name=Profilo 1 path=C:\Users\Tommaso\Desktop\ConsegnaSdai\.metadata\.plugins\org.eclipse.swt\EBWebView\Default lastActive=2026-09-10T15:10:20.929Z
2026-09-10 15:34:25.738: [INFO] OnDoneLoading sync enabled: 0
2026-09-10 15:34:25.738: [INFO] BookmarkModelLoaded, ids_reassigned: 0
2026-09-10 15:34:25.738: [INFO] BookmarksLoadDropped droppedNodes=0
2026-09-10 15:34:25.738: [INFO] BookmarksSnapshot Startup total=0 bar=0 other=0 mobile=0 showBar=0 showBarNTP=1
2026-09-10 15:34:42.041: [INFO] BookmarksSnapshot Shutdown total=0 bar=0 other=0 mobile=0 showBar=0 showBarNTP=1
2026-09-10 17:47:38.766: [INFO] CurrentProfilePath: C:\Users\Tommaso\Desktop\ConsegnaSdai\.metadata\.plugins\org.eclipse.swt\EBWebView\Default
2026-09-10 17:47:38.766: [INFO] Profiles total count: 1
2026-09-10 17:47:38.766: [INFO] Profile: name=Profilo 1 path=C:\Users\Tommaso\Desktop\ConsegnaSdai\.metadata\.plugins\org.eclipse.swt\EBWebView\Default lastActive=2026-09-10T15:34:39.313Z
2026-09-10 17:47:38.766: [INFO] LastUsedProfileDir: C:\Users\Tommaso\Desktop\ConsegnaSdai\.metadata\.plugins\org.eclipse.swt\EBWebView\Default
2026-09-10 17:47:38.766: [INFO] MostRecentlyActiveProfile: name=Profilo 1 path=C:\Users\Tommaso\Desktop\ConsegnaSdai\.metadata\.plugins\org.eclipse.swt\EBWebView\Default lastActive=2026-09-10T15:34:39.313Z
2026-09-10 17:47:38.766: [INFO] OnDoneLoading sync enabled: 0
2026-09-10 17:47:38.766: [INFO] BookmarkModelLoaded, ids_reassigned: 0
2026-09-10 17:47:38.766: [INFO] BookmarksLoadDropped droppedNodes=0
2026-09-10 17:47:38.766: [INFO] BookmarksSnapshot Startup total=0 bar=0 other=0 mobile=0 showBar=0 showBarNTP=1
2026-09-10 17:47:40.063: [INFO] BookmarksSnapshot Shutdown total=0 bar=0 other=0 mobile=0 showBar=0 showBarNTP=1
2026-09-11 13:10:05.847: [INFO] CurrentProfilePath: C:\Users\Tommaso\Desktop\ConsegnaSdai\.metadata\.plugins\org.eclipse.swt\EBWebView\Default
2026-09-11 13:10:05.847: [INFO] Profiles total count: 1
2026-09-11 13:10:05.847: [INFO] Profile: name=Profilo 1 path=C:\Users\Tommaso\Desktop\ConsegnaSdai\.metadata\.plugins\org.eclipse.swt\EBWebView\Default lastActive=2026-09-10T15:34:39.313Z
2026-09-11 13:10:05.847: [INFO] LastUsedProfileDir: C:\Users\Tommaso\Desktop\ConsegnaSdai\.metadata\.plugins\org.eclipse.swt\EBWebView\Default
2026-09-11 13:10:05.847: [INFO] MostRecentlyActiveProfile: name=Profilo 1 path=C:\Users\Tommaso\Desktop\ConsegnaSdai\.metadata\.plugins\org.eclipse.swt\EBWebView\Default lastActive=2026-09-10T15:34:39.313Z
2026-09-11 13:10:05.847: [INFO] OnDoneLoading sync enabled: 0
2026-09-11 13:10:05.847: [INFO] BookmarkModelLoaded, ids_reassigned: 0
2026-09-11 13:10:05.847: [INFO] BookmarksLoadDropped droppedNodes=0
2026-09-11 13:10:05.847: [INFO] BookmarksSnapshot Startup total=0 bar=0 other=0 mobile=0 showBar=0 showBarNTP=1
2026-09-11 13:14:57.738: [INFO] BookmarksSnapshot Shutdown total=0 bar=0 other=0 mobile=0 showBar=0 showBarNTP=1
